﻿
> vite-react-typescript-starter@0.0.0 build:dev
> node --max-old-space-size=12288 ./node_modules/vite/bin/vite.js build --mode development

[36mvite v5.4.21 [32mbuilding for development...[36m[39m
transforming...
[32mΓ£ô[39m 12882 modules transformed.
npm : Export "usePortfolio" of module 
"src/features/digital-portfolio/model/portfolioStore.ts" was reexported through module 
"src/features/digital-portfolio/index.ts" while both modules are dependencies of each 
other and will end up in different chunks by current Rollup settings. This scenario is 
not well supported at the moment as it will produce a circular dependency between 
chunks and will likely lead to broken execution order.
At line:1 char:1
+ npm run build:dev 2>&1 | Tee-Object -FilePath build-output.txt; Get-C ...
+ ~~~~~~~~~~~~~~~~~~~~~~
    + CategoryInfo          : NotSpecified: (Export "usePort...xecution order.:String)  
   [], RemoteException
    + FullyQualifiedErrorId : NativeCommandError
 
Either change the import in 
"src/features/student-profile/model/useProfileCompletionPrompt.ts" to point directly to 
the exporting module or reconfigure "output.manualChunks" to ensure these modules end 
up in the same chunk.
Export "useSubscriptionAccess" of module 
"src/features/subscription/model/subscriptionStore.ts" was reexported through module 
"src/features/subscription/index.ts" while both modules are dependencies of each other 
and will end up in different chunks by current Rollup settings. This scenario is not 
well supported at the moment as it will produce a circular dependency between chunks 
and will likely lead to broken execution order.
Either change the import in "src/pages/subscription/SubscriptionPlans.jsx" to point 
directly to the exporting module or reconfigure "output.manualChunks" to ensure these 
modules end up in the same chunk.
Export "useSubscriptionQuery" of module 
"src/features/subscription/model/useSubscriptionQuery.js" was reexported through module 
"src/features/subscription/model/index.ts" while both modules are dependencies of each 
other and will end up in different chunks by current Rollup settings. This scenario is 
not well supported at the moment as it will produce a circular dependency between 
chunks and will likely lead to broken execution order.
Either change the import in 
"src/features/subscription/ui/shared/SubscriptionRouteGuard.jsx" to point directly to 
the exporting module or reconfigure "output.manualChunks" to ensure these modules end 
up in the same chunk.
Export "clearFeatureAccessCache" of module 
"src/features/subscription/model/useFeatureGate.ts" was reexported through module 
"src/features/subscription/index.ts" while both modules are dependencies of each other 
and will end up in different chunks by current Rollup settings. This scenario is not 
well supported at the moment as it will produce a circular dependency between chunks 
and will likely lead to broken execution order.
Either change the import in "src/features/subscription/ui/AddOnCheckout.jsx" to point 
directly to the exporting module or reconfigure "output.manualChunks" to ensure these 
modules end up in the same chunk.
Export "clearFeatureAccessCache" of module 
"src/features/subscription/model/useFeatureGate.ts" was reexported through module 
"src/features/subscription/index.ts" while both modules are dependencies of each other 
and will end up in different chunks by current Rollup settings. This scenario is not 
well supported at the moment as it will produce a circular dependency between chunks 
and will likely lead to broken execution order.
Either change the import in 
"src/features/subscription/ui/individual/AddOnMarketplace.jsx" to point directly to the 
exporting module or reconfigure "output.manualChunks" to ensure these modules end up in 
the same chunk.
Export "default" of module 
"src/features/subscription/ui/organization/BulkPurchaseWizard.tsx" was reexported 
through module "src/features/subscription/index.ts" while both modules are dependencies 
of each other and will end up in different chunks by current Rollup settings. This 
scenario is not well supported at the moment as it will produce a circular dependency 
between chunks and will likely lead to broken execution order.
Either change the import in "src/pages/subscription/BulkPurchasePage.tsx" to point 
directly to the exporting module or reconfigure "output.manualChunks" to ensure these 
modules end up in the same chunk.
Export "useFeatureGate" of module "src/features/subscription/model/useFeatureGate.ts" 
was reexported through module "src/features/subscription/index.ts" while both modules 
are dependencies of each other and will end up in different chunks by current Rollup 
settings. This scenario is not well supported at the moment as it will produce a 
circular dependency between chunks and will likely lead to broken execution order.
Either change the import in "src/features/subscription/ui/shared/FeatureGate.jsx" to 
point directly to the exporting module or reconfigure "output.manualChunks" to ensure 
these modules end up in the same chunk.
Export "clearFeatureAccessCache" of module 
"src/features/subscription/model/useFeatureGate.ts" was reexported through module 
"src/features/subscription/index.ts" while both modules are dependencies of each other 
and will end up in different chunks by current Rollup settings. This scenario is not 
well supported at the moment as it will produce a circular dependency between chunks 
and will likely lead to broken execution order.
Either change the import in "src/features/subscription/ui/shared/FeatureGate.jsx" to 
point directly to the exporting module or reconfigure "output.manualChunks" to ensure 
these modules end up in the same chunk.
Export "useAssessmentRecommendations" of module 
"src/features/assessment/model/useAssessmentRecommendations.ts" was reexported through 
module "src/features/assessment/index.ts" while both modules are dependencies of each 
other and will end up in different chunks by current Rollup settings. This scenario is 
not well supported at the moment as it will produce a circular dependency between 
chunks and will likely lead to broken execution order.
Either change the import in "src/pages/student/Dashboard.jsx" to point directly to the 
exporting module or reconfigure "output.manualChunks" to ensure these modules end up in 
the same chunk.
Export "EducationEditModal" of module 
"src/widgets/student-dashboard/ui/modals/index.jsx" was reexported through module 
"src/features/student-profile/index.ts" while both modules are dependencies of each 
other and will end up in different chunks by current Rollup settings. This scenario is 
not well supported at the moment as it will produce a circular dependency between 
chunks and will likely lead to broken execution order.
Either change the import in "src/pages/student/Dashboard.jsx" to point directly to the 
exporting module or reconfigure "output.manualChunks" to ensure these modules end up in 
the same chunk.
Export "TrainingEditModal" of module 
"src/widgets/student-dashboard/ui/modals/index.jsx" was reexported through module 
"src/features/student-profile/index.ts" while both modules are dependencies of each 
other and will end up in different chunks by current Rollup settings. This scenario is 
not well supported at the moment as it will produce a circular dependency between 
chunks and will likely lead to broken execution order.
Either change the import in "src/pages/student/Dashboard.jsx" to point directly to the 
exporting module or reconfigure "output.manualChunks" to ensure these modules end up in 
the same chunk.
Export "ExperienceEditModal" of module 
"src/widgets/student-dashboard/ui/modals/index.jsx" was reexported through module 
"src/features/student-profile/index.ts" while both modules are dependencies of each 
other and will end up in different chunks by current Rollup settings. This scenario is 
not well supported at the moment as it will produce a circular dependency between 
chunks and will likely lead to broken execution order.
Either change the import in "src/pages/student/Dashboard.jsx" to point directly to the 
exporting module or reconfigure "output.manualChunks" to ensure these modules end up in 
the same chunk.
Export "SkillsEditModal" of module "src/widgets/student-dashboard/ui/modals/index.jsx" 
was reexported through module "src/features/student-profile/index.ts" while both 
modules are dependencies of each other and will end up in different chunks by current 
Rollup settings. This scenario is not well supported at the moment as it will produce a 
circular dependency between chunks and will likely lead to broken execution order.
Either change the import in "src/pages/student/Dashboard.jsx" to point directly to the 
exporting module or reconfigure "output.manualChunks" to ensure these modules end up in 
the same chunk.
Export "ProjectsEditModal" of module 
"src/widgets/student-dashboard/ui/modals/index.jsx" was reexported through module 
"src/features/student-profile/index.ts" while both modules are dependencies of each 
other and will end up in different chunks by current Rollup settings. This scenario is 
not well supported at the moment as it will produce a circular dependency between 
chunks and will likely lead to broken execution order.
Either change the import in "src/pages/student/Dashboard.jsx" to point directly to the 
exporting module or reconfigure "output.manualChunks" to ensure these modules end up in 
the same chunk.
Export "CertificatesEditModal" of module 
"src/widgets/student-dashboard/ui/modals/index.jsx" was reexported through module 
"src/features/student-profile/index.ts" while both modules are dependencies of each 
other and will end up in different chunks by current Rollup settings. This scenario is 
not well supported at the moment as it will produce a circular dependency between 
chunks and will likely lead to broken execution order.
Either change the import in "src/pages/student/Dashboard.jsx" to point directly to the 
exporting module or reconfigure "output.manualChunks" to ensure these modules end up in 
the same chunk.
Export "TrainingEditModal" of module 
"src/widgets/student-dashboard/ui/modals/index.jsx" was reexported through module 
"src/features/student-profile/index.ts" while both modules are dependencies of each 
other and will end up in different chunks by current Rollup settings. This scenario is 
not well supported at the moment as it will produce a circular dependency between 
chunks and will likely lead to broken execution order.
Either change the import in "src/pages/student/MyLearning.jsx" to point directly to the 
exporting module or reconfigure "output.manualChunks" to ensure these modules end up in 
the same chunk.
Export "useSubscriptionQuery" of module 
"src/features/subscription/model/useSubscriptionQuery.js" was reexported through module 
"src/features/subscription/model/index.ts" while both modules are dependencies of each 
other and will end up in different chunks by current Rollup settings. This scenario is 
not well supported at the moment as it will produce a circular dependency between 
chunks and will likely lead to broken execution order.
Either change the import in 
"src/features/subscription/ui/shared/SubscriptionSettingsSection.jsx" to point directly 
to the exporting module or reconfigure "output.manualChunks" to ensure these modules 
end up in the same chunk.
Export "useAdaptiveAptitude" of module 
"src/features/assessment/model/useAdaptiveAptitude.ts" was reexported through module 
"src/shared/lib/hooks/index.ts" while both modules are dependencies of each other and 
will end up in different chunks by current Rollup settings. This scenario is not well 
supported at the moment as it will produce a circular dependency between chunks and 
will likely lead to broken execution order.
Either change the import in "src/features/assessment/ui/AssessmentTestPage.tsx" to 
point directly to the exporting module or reconfigure "output.manualChunks" to ensure 
these modules end up in the same chunk.
Export "useAdaptiveAptitude" of module 
"src/features/assessment/model/useAdaptiveAptitude.ts" was reexported through module 
"src/shared/lib/hooks/index.ts" while both modules are dependencies of each other and 
will end up in different chunks by current Rollup settings. This scenario is not well 
supported at the moment as it will produce a circular dependency between chunks and 
will likely lead to broken execution order.
Either change the import in "src/pages/student/AdaptiveAptitudeTest.tsx" to point 
directly to the exporting module or reconfigure "output.manualChunks" to ensure these 
modules end up in the same chunk.
Export "useEducatorSchool" of module "src/features/educator/model/useEducatorSchool.ts" 
was reexported through module "src/features/educator/index.ts" while both modules are 
dependencies of each other and will end up in different chunks by current Rollup 
settings. This scenario is not well supported at the moment as it will produce a 
circular dependency between chunks and will likely lead to broken execution order.
Either change the import in "src/pages/educator/StudentsPage.tsx" to point directly to 
the exporting module or reconfigure "output.manualChunks" to ensure these modules end 
up in the same chunk.
Export "useEducatorSchool" of module "src/features/educator/model/useEducatorSchool.ts" 
was reexported through module "src/features/educator/index.ts" while both modules are 
dependencies of each other and will end up in different chunks by current Rollup 
settings. This scenario is not well supported at the moment as it will produce a 
circular dependency between chunks and will likely lead to broken execution order.
Either change the import in "src/pages/educator/ClassesPage.tsx" to point directly to 
the exporting module or reconfigure "output.manualChunks" to ensure these modules end 
up in the same chunk.
Export "useClasses" of module "src/features/college-admin/model/useClasses.ts" was 
reexported through module "src/features/college-admin/model/index.ts" while both 
modules are dependencies of each other and will end up in different chunks by current 
Rollup settings. This scenario is not well supported at the moment as it will produce a 
circular dependency between chunks and will likely lead to broken execution order.
Either change the import in "src/pages/educator/ClassesPage.tsx" to point directly to 
the exporting module or reconfigure "output.manualChunks" to ensure these modules end 
up in the same chunk.
Export "useEducatorSchool" of module "src/features/educator/model/useEducatorSchool.ts" 
was reexported through module "src/features/educator/index.ts" while both modules are 
dependencies of each other and will end up in different chunks by current Rollup 
settings. This scenario is not well supported at the moment as it will produce a 
circular dependency between chunks and will likely lead to broken execution order.
Either change the import in "src/features/educator/ui/ManageProgramStudentsModal.tsx" 
to point directly to the exporting module or reconfigure "output.manualChunks" to 
ensure these modules end up in the same chunk.
Export "useEducatorSchool" of module "src/features/educator/model/useEducatorSchool.ts" 
was reexported through module "src/features/educator/index.ts" while both modules are 
dependencies of each other and will end up in different chunks by current Rollup 
settings. This scenario is not well supported at the moment as it will produce a 
circular dependency between chunks and will likely lead to broken execution order.
Either change the import in "src/pages/educator/ProgramSectionsPage.tsx" to point 
directly to the exporting module or reconfigure "output.manualChunks" to ensure these 
modules end up in the same chunk.
Export "useProgramSections" of module 
"src/features/college-admin/model/useProgramSections.ts" was reexported through module 
"src/shared/lib/hooks/index.ts" while both modules are dependencies of each other and 
will end up in different chunks by current Rollup settings. This scenario is not well 
supported at the moment as it will produce a circular dependency between chunks and 
will likely lead to broken execution order.
Either change the import in "src/pages/educator/ProgramSectionsPage.tsx" to point 
directly to the exporting module or reconfigure "output.manualChunks" to ensure these 
modules end up in the same chunk.
Export "useEducatorSchool" of module "src/features/educator/model/useEducatorSchool.ts" 
was reexported through module "src/features/educator/index.ts" while both modules are 
dependencies of each other and will end up in different chunks by current Rollup 
settings. This scenario is not well supported at the moment as it will produce a 
circular dependency between chunks and will likely lead to broken execution order.
Either change the import in "src/pages/educator/Assessments.tsx" to point directly to 
the exporting module or reconfigure "output.manualChunks" to ensure these modules end 
up in the same chunk.
Export "useEducatorSchool" of module "src/features/educator/model/useEducatorSchool.ts" 
was reexported through module "src/features/educator/index.ts" while both modules are 
dependencies of each other and will end up in different chunks by current Rollup 
settings. This scenario is not well supported at the moment as it will produce a 
circular dependency between chunks and will likely lead to broken execution order.
Either change the import in "src/pages/educator/CollegeSkillTasks.tsx" to point 
directly to the exporting module or reconfigure "output.manualChunks" to ensure these 
modules end up in the same chunk.
Export "useEducatorSchool" of module "src/features/educator/model/useEducatorSchool.ts" 
was reexported through module "src/features/educator/index.ts" while both modules are 
dependencies of each other and will end up in different chunks by current Rollup 
settings. This scenario is not well supported at the moment as it will produce a 
circular dependency between chunks and will likely lead to broken execution order.
Either change the import in "src/pages/educator/MentorNotes.tsx" to point directly to 
the exporting module or reconfigure "output.manualChunks" to ensure these modules end 
up in the same chunk.
Export "useMentorAllocation" of module 
"src/features/college-admin/model/useMentorAllocation.ts" was reexported through module 
"src/shared/lib/hooks/index.ts" while both modules are dependencies of each other and 
will end up in different chunks by current Rollup settings. This scenario is not well 
supported at the moment as it will produce a circular dependency between chunks and 
will likely lead to broken execution order.
Either change the import in "src/pages/educator/MyMentees.tsx" to point directly to the 
exporting module or reconfigure "output.manualChunks" to ensure these modules end up in 
the same chunk.
Export "useEducatorSchool" of module "src/features/educator/model/useEducatorSchool.ts" 
was reexported through module "src/features/educator/index.ts" while both modules are 
dependencies of each other and will end up in different chunks by current Rollup 
settings. This scenario is not well supported at the moment as it will produce a 
circular dependency between chunks and will likely lead to broken execution order.
Either change the import in "src/pages/educator/SkillCurricular.tsx" to point directly 
to the exporting module or reconfigure "output.manualChunks" to ensure these modules 
end up in the same chunk.
Export "useEducatorSchool" of module "src/features/educator/model/useEducatorSchool.ts" 
was reexported through module "src/features/educator/index.ts" while both modules are 
dependencies of each other and will end up in different chunks by current Rollup 
settings. This scenario is not well supported at the moment as it will produce a 
circular dependency between chunks and will likely lead to broken execution order.
Either change the import in "src/pages/educator/Analytics.tsx" to point directly to the 
exporting module or reconfigure "output.manualChunks" to ensure these modules end up in 
the same chunk.
Export "useAnalytics" of module "src/features/analytics/model/useAnalytics.ts" was 
reexported through module "src/features/analytics/index.ts" while both modules are 
dependencies of each other and will end up in different chunks by current Rollup 
settings. This scenario is not well supported at the moment as it will produce a 
circular dependency between chunks and will likely lead to broken execution order.
Either change the import in "src/pages/educator/Analytics.tsx" to point directly to the 
exporting module or reconfigure "output.manualChunks" to ensure these modules end up in 
the same chunk.
Export "useEducatorSchool" of module "src/features/educator/model/useEducatorSchool.ts" 
was reexported through module "src/features/educator/index.ts" while both modules are 
dependencies of each other and will end up in different chunks by current Rollup 
settings. This scenario is not well supported at the moment as it will produce a 
circular dependency between chunks and will likely lead to broken execution order.
Either change the import in "src/pages/educator/Activities.tsx" to point directly to 
the exporting module or reconfigure "output.manualChunks" to ensure these modules end 
up in the same chunk.
Export "useEducatorSchool" of module "src/features/educator/model/useEducatorSchool.ts" 
was reexported through module "src/features/educator/index.ts" while both modules are 
dependencies of each other and will end up in different chunks by current Rollup 
settings. This scenario is not well supported at the moment as it will produce a 
circular dependency between chunks and will likely lead to broken execution order.
Either change the import in "src/pages/educator/Reports.tsx" to point directly to the 
exporting module or reconfigure "output.manualChunks" to ensure these modules end up in 
the same chunk.
Export "useAnalytics" of module "src/features/analytics/model/useAnalytics.ts" was 
reexported through module "src/features/analytics/index.ts" while both modules are 
dependencies of each other and will end up in different chunks by current Rollup 
settings. This scenario is not well supported at the moment as it will produce a 
circular dependency between chunks and will likely lead to broken execution order.
Either change the import in "src/pages/educator/Reports.tsx" to point directly to the 
exporting module or reconfigure "output.manualChunks" to ensure these modules end up in 
the same chunk.
Export "useEducatorSchool" of module "src/features/educator/model/useEducatorSchool.ts" 
was reexported through module "src/features/educator/index.ts" while both modules are 
dependencies of each other and will end up in different chunks by current Rollup 
settings. This scenario is not well supported at the moment as it will produce a 
circular dependency between chunks and will likely lead to broken execution order.
Either change the import in "src/pages/educator/DigitalPortfolioPage.tsx" to point 
directly to the exporting module or reconfigure "output.manualChunks" to ensure these 
modules end up in the same chunk.
Export "useSwapRequests" of module 
"src/features/college-admin/model/useSwapRequests.ts" was reexported through module 
"src/features/college-admin/model/index.ts" while both modules are dependencies of each 
other and will end up in different chunks by current Rollup settings. This scenario is 
not well supported at the moment as it will produce a circular dependency between 
chunks and will likely lead to broken execution order.
Either change the import in "src/pages/teacher/SwapRequestsDashboard.tsx" to point 
directly to the exporting module or reconfigure "output.manualChunks" to ensure these 
modules end up in the same chunk.
Export "useMentorAllocation" of module 
"src/features/college-admin/model/useMentorAllocation.ts" was reexported through module 
"src/shared/lib/hooks/index.ts" while both modules are dependencies of each other and 
will end up in different chunks by current Rollup settings. This scenario is not well 
supported at the moment as it will produce a circular dependency between chunks and 
will likely lead to broken execution order.
Either change the import in "src/pages/admin/collegeAdmin/MentorAllocation.tsx" to 
point directly to the exporting module or reconfigure "output.manualChunks" to ensure 
these modules end up in the same chunk.
Export "useCurriculum" of module "src/features/college-admin/model/useCurriculum.ts" 
was reexported through module "src/features/college-admin/index.ts" while both modules 
are dependencies of each other and will end up in different chunks by current Rollup 
settings. This scenario is not well supported at the moment as it will produce a 
circular dependency between chunks and will likely lead to broken execution order.
Either change the import in "src/pages/admin/schoolAdmin/CurriculumBuilderWrapper.tsx" 
to point directly to the exporting module or reconfigure "output.manualChunks" to 
ensure these modules end up in the same chunk.
Export "useEducatorSchool" of module "src/features/educator/model/useEducatorSchool.ts" 
was reexported through module "src/features/educator/index.ts" while both modules are 
dependencies of each other and will end up in different chunks by current Rollup 
settings. This scenario is not well supported at the moment as it will produce a 
circular dependency between chunks and will likely lead to broken execution order.
Either change the import in 
"src/features/college-admin/ui/modals/ManageProgramStudentsModal.tsx" to point directly 
to the exporting module or reconfigure "output.manualChunks" to ensure these modules 
end up in the same chunk.
Circular chunk: vendor-misc -> vendor-react -> vendor-misc. Please adjust the manual 
chunk logic for these chunks.
rendering chunks...
