
 RUN  v1.6.1 /mnt/E230EB0F30EAEA0D/Rareminds/skill-echosystem/skillpassport

 ❯ src/__tests__/property/service-binding-communication.property.test.ts  (0 test)
 ✓ src/entities/organization/api/__tests__/integration/upgradeDowngrade.integration.test.ts  (13 tests) 13ms
 ✓ src/entities/organization/api/__tests__/integration/bulkOperations.integration.test.ts  (12 tests) 16ms
stdout | src/features/assessment/api/__tests__/assessmentResultTransformer.test.js > transformAssessmentResults > transforms complete database results
🔄 transformAssessmentResults input: {
  hasGeminiAnalysis: true,
  hasGeminiResults: false,
  usingField: 'gemini_analysis',
  geminiDataKeys: [
    'analysis',
    'career_recommendations',
    'skill_development',
    'next_steps'
  ],
  geminiDataType: 'object',
  geminiDataSample: '{"analysis":{"interest_summary":"Strong investigative interests"},"career_recommendations":[{"title":"Software Engineer","match_score":92}],"skill_development":["Communication"],"next_steps":["Build p',
  hasRiasecScores: true,
  hasTopInterests: true,
  hasCareerRecommendations: true
}

stdout | src/features/assessment/api/__tests__/assessmentResultTransformer.test.js > transformAssessmentResults > handles minimal database results
🔄 transformAssessmentResults input: {
  hasGeminiAnalysis: false,
  hasGeminiResults: false,
  usingField: 'none',
  geminiDataKeys: null,
  geminiDataType: 'undefined',
  geminiDataSample: null,
  hasRiasecScores: true,
  hasTopInterests: true,
  hasCareerRecommendations: false
}
✅ Data found in individual columns (not in gemini_analysis field)
   Building result from column data...
✅ Transformed from individual columns: {
  hasRiasec: true,
  hasAptitude: false,
  hasCareerFit: false,
  riasecScores: { R: 10, I: 12, A: 8, S: 9, E: 7, C: 6 }
}

stdout | src/features/assessment/api/__tests__/assessmentResultTransformer.test.js > transformAssessmentResults > calculates employability level correctly
🔄 transformAssessmentResults input: {
  hasGeminiAnalysis: false,
  hasGeminiResults: false,
  usingField: 'none',
  geminiDataKeys: null,
  geminiDataType: 'undefined',
  geminiDataSample: null,
  hasRiasecScores: true,
  hasTopInterests: true,
  hasCareerRecommendations: false
}
✅ Data found in individual columns (not in gemini_analysis field)
   Building result from column data...
✅ Transformed from individual columns: {
  hasRiasec: true,
  hasAptitude: false,
  hasCareerFit: false,
  riasecScores: {}
}
🔄 transformAssessmentResults input: {
  hasGeminiAnalysis: false,
  hasGeminiResults: false,
  usingField: 'none',
  geminiDataKeys: null,
  geminiDataType: 'undefined',
  geminiDataSample: null,
  hasRiasecScores: true,
  hasTopInterests: true,
  hasCareerRecommendations: false
}
✅ Data found in individual columns (not in gemini_analysis field)
   Building result from column data...
✅ Transformed from individual columns: {
  hasRiasec: true,
  hasAptitude: false,
  hasCareerFit: false,
  riasecScores: {}
}
🔄 transformAssessmentResults input: {
  hasGeminiAnalysis: false,
  hasGeminiResults: false,
  usingField: 'none',
  geminiDataKeys: null,
  geminiDataType: 'undefined',
  geminiDataSample: null,
  hasRiasecScores: true,
  hasTopInterests: true,
  hasCareerRecommendations: false
}
✅ Data found in individual columns (not in gemini_analysis field)
   Building result from column data...
✅ Transformed from individual columns: {
  hasRiasec: true,
  hasAptitude: false,
  hasCareerFit: false,
  riasecScores: {}
}

 ❯ src/features/assessment/api/__tests__/assessmentResultTransformer.test.js  (31 tests | 9 failed) 44ms
   ❯ src/features/assessment/api/__tests__/assessmentResultTransformer.test.js > enrichCareerRecommendations > enriches simple career array
     → enrichCareerRecommendations is not a function
   ❯ src/features/assessment/api/__tests__/assessmentResultTransformer.test.js > enrichCareerRecommendations > handles empty array
     → enrichCareerRecommendations is not a function
   ❯ src/features/assessment/api/__tests__/assessmentResultTransformer.test.js > enrichCareerRecommendations > handles null input
     → enrichCareerRecommendations is not a function
   ❯ src/features/assessment/api/__tests__/assessmentResultTransformer.test.js > enrichCareerRecommendations > handles unknown career titles
     → enrichCareerRecommendations is not a function
   ❯ src/features/assessment/api/__tests__/assessmentResultTransformer.test.js > enrichCareerRecommendations > decreases match score for lower ranked careers
     → enrichCareerRecommendations is not a function
   ❯ src/features/assessment/api/__tests__/assessmentResultTransformer.test.js > enrichCareerRecommendations > calculates match score based on RIASEC alignment
     → enrichCareerRecommendations is not a function
   ❯ src/features/assessment/api/__tests__/assessmentResultTransformer.test.js > transformAssessmentResults > transforms complete database results
     → expected null to deeply equal { Openness: 4.1, …(4) }
   ❯ src/features/assessment/api/__tests__/assessmentResultTransformer.test.js > Edge Cases and Error Handling > handles very large RIASEC scores
     → enrichCareerRecommendations is not a function
   ❯ src/features/assessment/api/__tests__/assessmentResultTransformer.test.js > Edge Cases and Error Handling > handles special characters in career titles
     → enrichCareerRecommendations is not a function
stdout | src/entities/organization/api/__tests__/uat/adminUserScenarios.uat.test.ts > UAT: Admin User Scenarios > Scenario 1: First-Time Subscription Purchase > should complete full purchase flow as new admin
✅ Scenario 1 Complete: First-time subscription purchase successful

stdout | src/entities/organization/api/__tests__/uat/adminUserScenarios.uat.test.ts > UAT: Admin User Scenarios > Scenario 2: Assigning Licenses to Members > should allow admin to assign licenses to individual members
✅ Scenario 2a Complete: Individual license assignment successful

stdout | src/entities/organization/api/__tests__/uat/adminUserScenarios.uat.test.ts > UAT: Admin User Scenarios > Scenario 2: Assigning Licenses to Members > should allow admin to bulk assign licenses
✅ Scenario 2b Complete: Bulk license assignment successful

stdout | src/entities/organization/api/__tests__/uat/adminUserScenarios.uat.test.ts > UAT: Admin User Scenarios > Scenario 3: Inviting New Members > should allow admin to invite new members with auto-assignment
✅ Scenario 3 Complete: Member invitation with auto-assignment successful

stdout | src/entities/organization/api/__tests__/uat/adminUserScenarios.uat.test.ts > UAT: Admin User Scenarios > Scenario 4: Managing Subscription Renewals > should show upcoming renewal warning to admin
✅ Scenario 4a Complete: Renewal status check successful

stdout | src/entities/organization/api/__tests__/uat/adminUserScenarios.uat.test.ts > UAT: Admin User Scenarios > Scenario 4: Managing Subscription Renewals > should allow admin to modify renewal settings
✅ Scenario 4b Complete: Renewal settings modification successful

stdout | src/entities/organization/api/__tests__/uat/adminUserScenarios.uat.test.ts > UAT: Admin User Scenarios > Scenario 5: Viewing Billing Dashboard > should display comprehensive billing information
✅ Scenario 5 Complete: Billing dashboard display successful
   Monthly Cost: ₹50,000
   Seat Utilization: 70.0%

stdout | src/entities/organization/api/__tests__/uat/adminUserScenarios.uat.test.ts > UAT: Admin User Scenarios > Scenario 6: Handling License Transfers > should allow admin to transfer license between members
✅ Scenario 6 Complete: License transfer successful

 ✓ src/entities/organization/api/__tests__/uat/adminUserScenarios.uat.test.ts  (8 tests) 38ms
 ❯ src/entities/organization/api/__tests__/integration/paymentWebhook.integration.test.ts  (16 tests | 1 failed) 90ms
   ❯ src/entities/organization/api/__tests__/integration/paymentWebhook.integration.test.ts > Payment Webhook Integration Tests > Webhook Logging > should track webhook processing time
     → expected 49 to be greater than or equal to 50
stdout | AuthClient.#log (file:/mnt/E230EB0F30EAEA0D/Rareminds/skill-echosystem/skillpassport/node_modules/@rareminds-eym/auth-client/src/core/client.ts:615:15)
[AuthClient] AuthClient initialized { baseURL: 'https://sso-api.rareminds.workers.dev' }

stdout | AuthClient.#log (file:/mnt/E230EB0F30EAEA0D/Rareminds/skill-echosystem/skillpassport/node_modules/@rareminds-eym/auth-client/src/core/client.ts:615:15)
[AuthClient] AuthClient initialized { baseURL: 'https://sso-api.rareminds.workers.dev' }

stdout | AuthClient.#log (file:/mnt/E230EB0F30EAEA0D/Rareminds/skill-echosystem/skillpassport/node_modules/@rareminds-eym/auth-client/src/core/client.ts:615:15)
[AuthClient] AuthClient initialized { baseURL: 'https://sso-api.rareminds.workers.dev' }

stdout | AuthClient.#log (file:/mnt/E230EB0F30EAEA0D/Rareminds/skill-echosystem/skillpassport/node_modules/@rareminds-eym/auth-client/src/core/client.ts:615:15)
[AuthClient] AuthClient initialized { baseURL: 'https://sso-api.rareminds.workers.dev' }

 ✓ src/__tests__/property/addOnProperties.test.js  (21 tests) 130ms
 ❯ src/__tests__/services/addOnServices.test.js  (31 tests | 24 failed) 76ms
   ❯ src/__tests__/services/addOnServices.test.js > AddOnCatalogService > getAddOns > should fetch all add-ons when no filters provided
     → expected "spy" to be called with arguments: [ 'subscription_plan_features' ]

Received: 



Number of calls: 0

   ❯ src/__tests__/services/addOnServices.test.js > AddOnCatalogService > getAddOns > should filter add-ons by role
     → expected false to be true // Object.is equality
   ❯ src/__tests__/services/addOnServices.test.js > AddOnCatalogService > getAddOns > should handle errors gracefully
     → expected 'Failed to parse URL from /api/payment…' to be 'Database error' // Object.is equality
   ❯ src/__tests__/services/addOnServices.test.js > AddOnCatalogService > getAddOnByFeatureKey > should fetch a specific add-on by feature key
     → expected false to be true // Object.is equality
   ❯ src/__tests__/services/addOnServices.test.js > AddOnCatalogService > getAddOnByFeatureKey > should handle not found error
     → expected 'Failed to parse URL from /api/payment…' to be 'ADD_ON_NOT_FOUND' // Object.is equality
   ❯ src/__tests__/services/addOnServices.test.js > AddOnCatalogService > getBundles > should fetch all bundles
     → expected false to be true // Object.is equality
   ❯ src/__tests__/services/addOnServices.test.js > AddOnCatalogService > calculateBundleSavings > should calculate savings correctly
     → expected false to be true // Object.is equality
   ❯ src/__tests__/services/addOnServices.test.js > EntitlementService > getUserEntitlements > should fetch user entitlements
     → expected false to be true // Object.is equality
   ❯ src/__tests__/services/addOnServices.test.js > EntitlementService > getUserEntitlements > should return error for missing user ID
     → expected 'Failed to parse URL from /api/payment…' to be 'User ID is required' // Object.is equality
   ❯ src/__tests__/services/addOnServices.test.js > EntitlementService > hasFeatureAccess > should return access via plan when feature is included
     → expected false to be true // Object.is equality
   ❯ src/__tests__/services/addOnServices.test.js > EntitlementService > hasFeatureAccess > should return access via entitlement when user has active add-on
     → expected false to be true // Object.is equality
   ❯ src/__tests__/services/addOnServices.test.js > EntitlementService > hasFeatureAccess > should return no access when user has no entitlement
     → expected false to be true // Object.is equality
   ❯ src/__tests__/services/addOnServices.test.js > EntitlementService > activateAddOn > should create a new entitlement
     → expected false to be true // Object.is equality
   ❯ src/__tests__/services/addOnServices.test.js > EntitlementService > activateAddOn > should return error for invalid billing period
     → expected 'Direct add-on activation is deprecate…' to be 'Billing period must be "monthly" or "…' // Object.is equality
   ❯ src/__tests__/services/addOnServices.test.js > EntitlementService > cancelAddOn > should update entitlement status to cancelled
     → expected false to be true // Object.is equality
   ❯ src/__tests__/services/addOnServices.test.js > EntitlementService > toggleAutoRenew > should toggle auto-renew setting
     → expected false to be true // Object.is equality
   ❯ src/__tests__/services/addOnServices.test.js > AddOnPaymentService > applyDiscountCode > should apply valid percentage discount code
     → default.applyDiscountCode is not a function
   ❯ src/__tests__/services/addOnServices.test.js > AddOnPaymentService > applyDiscountCode > should reject invalid discount code
     → default.applyDiscountCode is not a function
   ❯ src/__tests__/services/addOnServices.test.js > AddOnPaymentService > applyDiscountCode > should reject expired discount code
     → default.applyDiscountCode is not a function
   ❯ src/__tests__/services/addOnServices.test.js > AddOnPaymentService > applyDiscountCode > should return error for missing discount code
     → default.applyDiscountCode is not a function
   ❯ src/__tests__/services/addOnServices.test.js > MigrationService > getMigrationMapping > should handle plan not found error
     → expected 'Cannot read properties of undefined (…' to be 'PLAN_NOT_FOUND' // Object.is equality
   ❯ src/__tests__/services/addOnServices.test.js > MigrationService > calculatePriceProtection > should handle no active subscription
     → expected 'PLAN_NOT_FOUND' to be 'NO_ACTIVE_SUBSCRIPTION' // Object.is equality
   ❯ src/__tests__/services/addOnServices.test.js > MigrationService > getMigrationStatus > should return no migration for user without migration
     → expected true to be false // Object.is equality
   ❯ src/__tests__/services/addOnServices.test.js > MigrationService > getMigrationStatus > should return migration status for user with migration
     → expected false to be true // Object.is equality
 ✓ src/features/courses/api/__tests__/courseRecommendationIntegration.test.ts  (15 tests) 101ms
 ✓ src/entities/organization/api/__tests__/organizationSubscriptionService.test.ts  (23 tests) 48ms
 ✓ src/entities/organization/api/__tests__/organizationBillingService.test.ts  (19 tests) 55ms
 ✓ src/entities/organization/api/__tests__/licenseManagementService.test.ts  (20 tests) 55ms
 ❯ src/entities/organization/api/__tests__/organizationEntitlementService.test.ts  (19 tests | 2 failed) 66ms
   ❯ src/entities/organization/api/__tests__/organizationEntitlementService.test.ts > OrganizationEntitlementService > grantEntitlementsFromAssignment > should grant entitlements for all plan features
     → supabase.from(...).select(...).eq is not a function
   ❯ src/entities/organization/api/__tests__/organizationEntitlementService.test.ts > OrganizationEntitlementService > grantEntitlementsFromAssignment > should throw error when plan features not found
     → expected [Function] to throw error including 'Plan features not found' but got 'Subscription not found'
stdout | src/entities/organization/api/__tests__/memberInvitationService.test.ts > MemberInvitationService > acceptInvitation > should accept valid invitation and link user to organization
[2026-05-20T11:38:41.115Z] [INFO] [memberInvitation] No educator found with user_id, trying email fallback {}
[2026-05-20T11:38:41.115Z] [INFO] [memberInvitation] Updated users table with organization and role {}

stdout | src/entities/organization/api/__tests__/memberInvitationService.test.ts > MemberInvitationService > acceptInvitation > should auto-assign license when configured
[2026-05-20T11:38:41.120Z] [INFO] [memberInvitation] No educator found with user_id, trying email fallback {}
[2026-05-20T11:38:41.120Z] [INFO] [memberInvitation] Updated users table with organization and role {}

 ✓ src/entities/organization/api/__tests__/memberInvitationService.test.ts  (25 tests) 606ms
 ✓ src/features/courses/api/__tests__/skillGapCourseLimit.property.test.ts  (10 tests) 2316ms
 ✓ src/__tests__/property/graceful-error-handling.property.test.ts  (34 tests) 21ms
 ✓ src/entities/organization/api/__tests__/uat/memberUserScenarios.uat.test.ts  (9 tests) 17ms
stdout | src/entities/organization/api/__tests__/uat/memberUserScenarios.uat.test.ts > UAT: Member User Scenarios > Scenario 1: Viewing Organization-Provided Features > should display features provided by organization
✅ Scenario 1 Complete: Organization features displayed
   Organization: Springfield High School
   Plan: Professional
   Features: Ai Tutor, Practice Tests, Video Lessons
   Days Remaining: 335

stdout | src/entities/organization/api/__tests__/uat/memberUserScenarios.uat.test.ts > UAT: Member User Scenarios > Scenario 1: Viewing Organization-Provided Features > should show "Managed by Organization" badge
✅ Scenario 1b Complete: Feature source badge displayed

stdout | src/entities/organization/api/__tests__/uat/memberUserScenarios.uat.test.ts > UAT: Member User Scenarios > Scenario 2: Checking Feature Access > should correctly check if user has access to a feature
✅ Scenario 2 Complete: Feature access check working

stdout | src/entities/organization/api/__tests__/uat/memberUserScenarios.uat.test.ts > UAT: Member User Scenarios > Scenario 3: Viewing Available Personal Add-ons > should display add-ons available for personal purchase
✅ Scenario 3 Complete: Available add-ons displayed
   Available Add-ons: Premium Analytics, Certificate Prep, 1-on-1 Tutoring

stdout | src/entities/organization/api/__tests__/uat/memberUserScenarios.uat.test.ts > UAT: Member User Scenarios > Scenario 4: Purchasing Personal Add-on > should allow member to purchase personal add-on
✅ Scenario 4 Complete: Personal add-on purchase successful

stdout | src/entities/organization/api/__tests__/uat/memberUserScenarios.uat.test.ts > UAT: Member User Scenarios > Scenario 5: Viewing Combined Entitlements > should display both organization and personal features separately
✅ Scenario 5 Complete: Combined entitlements displayed
   Organization Features: 3
   Personal Purchases: 1

stdout | src/entities/organization/api/__tests__/uat/memberUserScenarios.uat.test.ts > UAT: Member User Scenarios > Scenario 6: Handling Subscription Expiration Warning > should show warning when organization subscription is expiring soon
✅ Scenario 6 Complete: Expiration warning displayed
   Warning: Your organization subscription expires in 7 days. Contact your administrator.

stdout | src/entities/organization/api/__tests__/uat/memberUserScenarios.uat.test.ts > UAT: Member User Scenarios > Scenario 7: Contacting Organization Admin > should provide admin contact information
✅ Scenario 7 Complete: Admin contact information available
   Admin: John Admin (admin@school.edu)

stdout | src/entities/organization/api/__tests__/uat/memberUserScenarios.uat.test.ts > UAT: Member User Scenarios > Scenario 8: Member Without Organization Subscription > should handle member with no organization subscription gracefully
✅ Scenario 8 Complete: No subscription state handled
   Message: Your organization has not assigned you a subscription yet.

stdout | src/entities/organization/api/__tests__/load/concurrentAssignments.load.test.ts > Load Tests: Concurrent Seat Assignments > 1000+ Concurrent Seat Assignments > should handle 1000 sequential assignments efficiently
Load Test Results - 1000 Sequential Assignments:
  Total Duration: 3ms
  Operations/Second: 333333.33

stdout | src/entities/organization/api/__tests__/load/concurrentAssignments.load.test.ts > Load Tests: Concurrent Seat Assignments > 1000+ Concurrent Seat Assignments > should handle 1000 batched assignments with optimal batch size
Load Test Results - 1000 Batched Assignments (batch size: 100):
  Total Duration: 1ms
  Average Batch Duration: 0.10ms
  Total Batches: 10

stdout | src/entities/organization/api/__tests__/load/concurrentAssignments.load.test.ts > Load Tests: Concurrent Seat Assignments > 1000+ Concurrent Seat Assignments > should handle concurrent assignment requests with locking
Load Test Results - 100 Concurrent Requests:
  Duration: 1ms
  Successful: 100
  Failed: 0

stdout | src/entities/organization/api/__tests__/load/concurrentAssignments.load.test.ts > Load Tests: Concurrent Seat Assignments > Performance Benchmarks > should meet target throughput of 100 assignments/second
Throughput Test Results:
  Target: 100 ops/sec
  Actual: Infinity ops/sec
  Operations: 200
  Duration: 0ms

stdout | src/entities/organization/api/__tests__/load/concurrentAssignments.load.test.ts > Load Tests: Concurrent Seat Assignments > Performance Benchmarks > should measure memory usage during bulk operations
Memory Usage Test:
  Baseline: 0 entries
  Final: 1000 entries
  Growth: 1000 entries

stdout | src/entities/organization/api/__tests__/load/concurrentAssignments.load.test.ts > Load Tests: Concurrent Seat Assignments > Stress Testing > should recover from partial failures during bulk assignment
Recovery Test Results:
  First Pass Success: 91
  First Pass Failed: 9
  Retried Successfully: 9
  Total Successful: 100

stdout | src/entities/organization/api/__tests__/load/concurrentAssignments.load.test.ts > Load Tests: Concurrent Seat Assignments > Stress Testing > should handle rapid assign/unassign cycles
Rapid Cycle Test Results:
  Cycles: 100
  Duration: 0ms
  Cycles/Second: Infinity

 ✓ src/entities/organization/api/__tests__/load/concurrentAssignments.load.test.ts  (9 tests) 26ms
 ❯ src/__tests__/property/environment-specific-configuration.property.test.ts  (32 tests | 1 failed) 46ms
   ❯ src/__tests__/property/environment-specific-configuration.property.test.ts > Property 15: Environment-Specific Configuration > Configuration Consistency > should have all required API endpoints
     → expected undefined not to be undefined
 ✓ src/entities/organization/api/__tests__/load/dashboardPerformance.load.test.ts  (11 tests) 100ms
stdout | src/entities/organization/api/__tests__/load/dashboardPerformance.load.test.ts > Load Tests: Dashboard Performance > Dashboard Loading with 100+ Subscriptions > should load dashboard data within 2 seconds
Dashboard Load Test Results (100 subscriptions):
  Data Generation Time: 6ms
  Dashboard Load Time: 4ms
  Active Subscriptions: 90
  Total Seats: 9000
  Utilization Rate: 55.00%

stdout | src/entities/organization/api/__tests__/load/dashboardPerformance.load.test.ts > Load Tests: Dashboard Performance > Dashboard Loading with 100+ Subscriptions > should load dashboard with 200 subscriptions efficiently
Dashboard Load Test Results (200 subscriptions):
  Load Time: 1ms
  Subscriptions: 180
  License Pools: 400
  Assignments: 10900

stdout | src/entities/organization/api/__tests__/load/dashboardPerformance.load.test.ts > Load Tests: Dashboard Performance > Dashboard Loading with 100+ Subscriptions > should paginate large subscription lists efficiently
Pagination Test Results:
  Pages Loaded: 5
  Average Load Time: 0.80ms
  Max Load Time: 1ms

stdout | src/entities/organization/api/__tests__/load/dashboardPerformance.load.test.ts > Load Tests: Dashboard Performance > API Response Time Targets > should return subscription list within 200ms
Subscription List API:
  Response Time: 0ms
  Records Returned: 100

stdout | src/entities/organization/api/__tests__/load/dashboardPerformance.load.test.ts > Load Tests: Dashboard Performance > API Response Time Targets > should return license pool data within 200ms
License Pool API:
  Response Time: 0ms
  Pools Returned: 2

stdout | src/entities/organization/api/__tests__/load/dashboardPerformance.load.test.ts > Load Tests: Dashboard Performance > API Response Time Targets > should return billing summary within 200ms
Billing Summary API:
  Response Time: 1ms
  Monthly Cost: ₹9,524,850

stdout | src/entities/organization/api/__tests__/load/dashboardPerformance.load.test.ts > Load Tests: Dashboard Performance > Data Aggregation Performance > should calculate seat utilization across all subscriptions quickly
Utilization Calculation:
  Duration: 0ms
  Plans Analyzed: 3

stdout | src/entities/organization/api/__tests__/load/dashboardPerformance.load.test.ts > Load Tests: Dashboard Performance > Data Aggregation Performance > should generate cost projections efficiently
Cost Projection:
  Duration: 0ms
  Months Projected: 12

stdout | src/entities/organization/api/__tests__/load/dashboardPerformance.load.test.ts > Load Tests: Dashboard Performance > Search and Filter Performance > should search subscriptions by plan name quickly
Search Performance:
  Duration: 0ms
  Results Found: 33

stdout | src/entities/organization/api/__tests__/load/dashboardPerformance.load.test.ts > Load Tests: Dashboard Performance > Search and Filter Performance > should filter by status efficiently
Filter Performance:
  Duration: 1ms
  Active: 90
  Expired: 10

stdout | src/entities/organization/api/__tests__/load/dashboardPerformance.load.test.ts > Load Tests: Dashboard Performance > Search and Filter Performance > should sort subscriptions by multiple criteria quickly
Sort Performance:
  Duration: 1ms

 ❯ functions/api/storage/__tests__/integration.test.ts  (21 tests) 50ms
 ✓ src/entities/organization/api/__tests__/integration/invitationFlow.integration.test.ts  (14 tests) 18ms
 ✓ src/entities/organization/api/__tests__/security/crossOrganization.security.test.ts  (12 tests) 17ms
 ✓ src/entities/organization/api/__tests__/security/inputValidation.security.test.ts  (14 tests) 26ms
 ✓ src/entities/organization/api/__tests__/security/authorization.security.test.ts  (14 tests) 23ms
stdout | src/shared/model/__tests__/stores.test.ts > Store Imports > should import all stores without errors
[AuthClient] AuthClient initialized { baseURL: 'https://sso-api.rareminds.workers.dev' }

 ✓ src/entities/organization/api/__tests__/integration/licenseAssignment.integration.test.ts  (12 tests) 13ms
stdout | AuthClient.#log (file:/mnt/E230EB0F30EAEA0D/Rareminds/skill-echosystem/skillpassport/node_modules/@rareminds-eym/auth-client/src/core/client.ts:615:15)
[AuthClient] AuthClient initialized { baseURL: 'https://sso-api.rareminds.workers.dev' }

 ✓ src/features/courses/api/__tests__/activeCourseFilter.property.test.ts  (7 tests) 1714ms
 ❯ src/__tests__/services/assessmentService.validation.test.js  (0 test)
 ✓ src/entities/organization/api/__tests__/integration/subscriptionRenewal.integration.test.ts  (12 tests) 17ms
 ✓ functions/api/storage/handlers/__tests__/signed-url.test.ts  (16 tests) 50ms
 ❯ src/__tests__/property/environment-variable-accessibility.property.test.ts  (21 tests | 2 failed) 40ms
   ❯ src/__tests__/property/environment-variable-accessibility.property.test.ts > Property 2: Environment Variable Accessibility > Missing Environment Variables > should detect multiple missing variables
     → expected [ Array(2) ] to have a length of 3 but got 2
   ❯ src/__tests__/property/environment-variable-accessibility.property.test.ts > Property 2: Environment Variable Accessibility > API-Specific Requirements > should validate analyze-assessment API requires AI keys
     → expected [ 'SUPABASE_URL', …(3) ] to include 'CLAUDE_API_KEY'
 ✓ src/entities/organization/api/__tests__/load/bulkInvitations.load.test.ts  (8 tests) 189ms
stdout | src/entities/organization/api/__tests__/load/bulkInvitations.load.test.ts > Load Tests: Bulk Invitations > 10,000 Member Invitations > should create 10,000 invitation records efficiently
Load Test Results - 10,000 Invitations:
  Total Duration: 64ms
  Invitations/Second: 156250.00

stdout | src/entities/organization/api/__tests__/load/bulkInvitations.load.test.ts > Load Tests: Bulk Invitations > 10,000 Member Invitations > should batch process invitations with optimal chunk size
Load Test Results - Batched Invitations (batch size: 500):
  Total Duration: 9ms
  Average Batch Duration: 0.35ms
  Total Batches: 20

stdout | src/entities/organization/api/__tests__/load/bulkInvitations.load.test.ts > Load Tests: Bulk Invitations > 10,000 Member Invitations > should handle email queue processing for 10,000 invitations
Email Queue Test Results:
  Invitations Created: 10000
  Emails Queued: 10000
  Duration: 9ms

stdout | src/entities/organization/api/__tests__/load/bulkInvitations.load.test.ts > Load Tests: Bulk Invitations > 10,000 Member Invitations > should validate email uniqueness efficiently
Duplicate Detection Test Results:
  Total Emails: 5003
  Duplicates Found: 3
  Unique Created: 5000
  Duration: 6ms

stdout | src/entities/organization/api/__tests__/load/bulkInvitations.load.test.ts > Load Tests: Bulk Invitations > Performance Benchmarks > should meet target throughput of 1000 invitations/second
Throughput Test Results:
  Target: 1000 ops/sec
  Actual: 1000000.00 ops/sec

stdout | src/entities/organization/api/__tests__/load/bulkInvitations.load.test.ts > Load Tests: Bulk Invitations > Performance Benchmarks > should handle invitation status updates at scale
Status Update Test Results:
  Invitations Updated: 5000
  Duration: 11ms
  Updates/Second: 454545.45

stdout | src/entities/organization/api/__tests__/load/bulkInvitations.load.test.ts > Load Tests: Bulk Invitations > Stress Testing > should handle mixed operations under load
Mixed Operations Test Results:
  Creates: 1667
  Updates: 1667
  Cancels: 555
  Duration: 30ms
  Operations/Second: 166666.67

stdout | src/entities/organization/api/__tests__/load/bulkInvitations.load.test.ts > Load Tests: Bulk Invitations > Stress Testing > should handle invitation expiration checks at scale
Expiration Check Test Results:
  Total Invitations: 5000
  Expired: 2858
  Duration: 7ms

stdout | src/entities/organization/api/__tests__/load/paymentProcessing.load.test.ts > Load Tests: Payment Processing > Payment Processing Under Load > should process 100 concurrent payment requests
Concurrent Payment Processing:
  Payments Processed: 100
  Duration: 3ms
  Payments/Second: 33333.33

stdout | src/entities/organization/api/__tests__/load/paymentProcessing.load.test.ts > Load Tests: Payment Processing > Payment Processing Under Load > should handle payment retries efficiently
Payment Retry Test:
  Total Attempts: 57
  Successful: 50
  Duration: 1ms

stdout | src/entities/organization/api/__tests__/load/paymentProcessing.load.test.ts > Load Tests: Payment Processing > Payment Processing Under Load > should process webhook events at scale
Webhook Processing:
  Webhooks Processed: 500
  Duration: 3ms
  Webhooks/Second: 166666.67

stdout | src/entities/organization/api/__tests__/load/paymentProcessing.load.test.ts > Load Tests: Payment Processing > Payment Processing Under Load > should handle bulk payment verification
Bulk Payment Verification:
  Payments Verified: 200
  Duration: 1ms

stdout | src/entities/organization/api/__tests__/load/paymentProcessing.load.test.ts > Load Tests: Payment Processing > Invoice Generation Performance > should generate invoices for 100 transactions quickly
Invoice Generation:
  Invoices Generated: 100
  Duration: 1ms

stdout | src/entities/organization/api/__tests__/load/paymentProcessing.load.test.ts > Load Tests: Payment Processing > Invoice Generation Performance > should aggregate billing data efficiently
Billing Aggregation:
  Organizations: 20
  Total Payments: 1000
  Duration: 1ms

stdout | src/entities/organization/api/__tests__/load/paymentProcessing.load.test.ts > Load Tests: Payment Processing > Performance Bottleneck Identification > should identify slow payment operations
Operation Performance:
  create_payment: 0ms
  update_status: 0ms
  query_by_org: 0ms
  aggregate_totals: 0ms
  Slowest: create_payment (0ms)

stdout | src/entities/organization/api/__tests__/load/paymentProcessing.load.test.ts > Load Tests: Payment Processing > Performance Bottleneck Identification > should handle payment queue backpressure
Queue Processing:
  Total Processed: 1000
  Total Duration: 0ms
  Batches: 10
  Avg Batch Time: 0.00ms

 ✓ src/entities/organization/api/__tests__/load/paymentProcessing.load.test.ts  (8 tests) 30ms
 ✓ src/__tests__/property/shared-utilities.property.test.ts  (8 tests) 425ms
 ✓ src/__tests__/property/backward-compatibility.property.test.ts  (11 tests) 334ms
stdout | functions/api/storage/handlers/__tests__/payment-receipt.test.ts > Payment Receipt Handlers > handleUploadPaymentReceipt > should upload payment receipt with all parameters
[UploadPaymentReceipt] ========== START ==========
[UploadPaymentReceipt] Request params: {
  paymentId: 'payment-123',
  userId: 'user-456',
  userName: 'John Doe',
  filename: 'receipt.pdf',
  pdfBase64Length: 16
}
[UploadPaymentReceipt] Decoded base64 to 11 bytes
[UploadPaymentReceipt] File key: payment_pdf/john_doe_user-456/payment-123_1779277126420.pdf
[UploadPaymentReceipt] Final filename: receipt.pdf
[UploadPaymentReceipt] Upload completed in 0ms
[UploadPaymentReceipt] ========== SUCCESS ==========
[UploadPaymentReceipt] File URL: https://pub-123.r2.dev/payment_pdf/user_12345678/payment_123.pdf
[UploadPaymentReceipt] File Key: payment_pdf/john_doe_user-456/payment-123_1779277126420.pdf

stdout | functions/api/storage/handlers/__tests__/payment-receipt.test.ts > Payment Receipt Handlers > handleUploadPaymentReceipt > should upload payment receipt without optional parameters
[UploadPaymentReceipt] ========== START ==========
[UploadPaymentReceipt] Request params: {
  paymentId: 'payment-123',
  userId: 'user-456',
  userName: 'NOT PROVIDED',
  filename: undefined,
  pdfBase64Length: 16
}
[UploadPaymentReceipt] Decoded base64 to 11 bytes
[UploadPaymentReceipt] File key: payment_pdf/user_user-456/payment-123_1779277126427.pdf
[UploadPaymentReceipt] Final filename: Receipt-ment-123-2026-05-20.pdf
[UploadPaymentReceipt] Upload completed in 0ms
[UploadPaymentReceipt] ========== SUCCESS ==========
[UploadPaymentReceipt] File URL: https://pub-123.r2.dev/payment_pdf/user_12345678/payment_123.pdf
[UploadPaymentReceipt] File Key: payment_pdf/user_user-456/payment-123_1779277126427.pdf

stdout | functions/api/storage/handlers/__tests__/payment-receipt.test.ts > Payment Receipt Handlers > handleUploadPaymentReceipt > should sanitize userName in folder structure
[UploadPaymentReceipt] ========== START ==========
[UploadPaymentReceipt] Request params: {
  paymentId: 'payment-123',
  userId: 'user-456',
  userName: 'John@Doe#123!',
  filename: undefined,
  pdfBase64Length: 16
}
[UploadPaymentReceipt] Decoded base64 to 11 bytes
[UploadPaymentReceipt] File key: payment_pdf/john_doe_123_user-456/payment-123_1779277126432.pdf
[UploadPaymentReceipt] Final filename: Receipt-ment-123-2026-05-20.pdf
[UploadPaymentReceipt] Upload completed in 0ms
[UploadPaymentReceipt] ========== SUCCESS ==========
[UploadPaymentReceipt] File URL: https://pub-123.r2.dev/payment_pdf/user_12345678/payment_123.pdf
[UploadPaymentReceipt] File Key: payment_pdf/john_doe_123_user-456/payment-123_1779277126432.pdf

stdout | functions/api/storage/handlers/__tests__/payment-receipt.test.ts > Payment Receipt Handlers > handleUploadPaymentReceipt > should reject request missing pdfBase64
[UploadPaymentReceipt] ========== START ==========
[UploadPaymentReceipt] Request params: {
  paymentId: 'payment-123',
  userId: 'user-456',
  userName: 'NOT PROVIDED',
  filename: undefined,
  pdfBase64Length: 0
}

stdout | functions/api/storage/handlers/__tests__/payment-receipt.test.ts > Payment Receipt Handlers > handleUploadPaymentReceipt > should reject request missing paymentId
[UploadPaymentReceipt] ========== START ==========
[UploadPaymentReceipt] Request params: {
  paymentId: undefined,
  userId: 'user-456',
  userName: 'NOT PROVIDED',
  filename: undefined,
  pdfBase64Length: 16
}

stdout | functions/api/storage/handlers/__tests__/payment-receipt.test.ts > Payment Receipt Handlers > handleUploadPaymentReceipt > should reject request missing userId
[UploadPaymentReceipt] ========== START ==========
[UploadPaymentReceipt] Request params: {
  paymentId: 'payment-123',
  userId: undefined,
  userName: 'NOT PROVIDED',
  filename: undefined,
  pdfBase64Length: 16
}

stdout | functions/api/storage/handlers/__tests__/payment-receipt.test.ts > Payment Receipt Handlers > handleUploadPaymentReceipt > should reject invalid base64 data
[UploadPaymentReceipt] ========== START ==========
[UploadPaymentReceipt] Request params: {
  paymentId: 'payment-123',
  userId: 'user-456',
  userName: 'NOT PROVIDED',
  filename: undefined,
  pdfBase64Length: 17
}

stdout | functions/api/storage/handlers/__tests__/payment-receipt.test.ts > Payment Receipt Handlers > handleUploadPaymentReceipt > should reject invalid JSON body
[UploadPaymentReceipt] ========== START ==========

stdout | functions/api/storage/handlers/__tests__/payment-receipt.test.ts > Payment Receipt Handlers > handleUploadPaymentReceipt > should handle R2 upload errors
[UploadPaymentReceipt] ========== START ==========
[UploadPaymentReceipt] Request params: {
  paymentId: 'payment-123',
  userId: 'user-456',
  userName: 'NOT PROVIDED',
  filename: undefined,
  pdfBase64Length: 16
}
[UploadPaymentReceipt] Decoded base64 to 11 bytes
[UploadPaymentReceipt] File key: payment_pdf/user_user-456/payment-123_1779277126466.pdf
[UploadPaymentReceipt] Final filename: Receipt-ment-123-2026-05-20.pdf

 ❯ functions/api/storage/handlers/__tests__/payment-receipt.test.ts  (17 tests | 6 failed) 112ms
   ❯ functions/api/storage/handlers/__tests__/payment-receipt.test.ts > Payment Receipt Handlers > handleGetPaymentReceipt > should get payment receipt with key parameter in download mode
     → expected 401 to be 200 // Object.is equality
   ❯ functions/api/storage/handlers/__tests__/payment-receipt.test.ts > Payment Receipt Handlers > handleGetPaymentReceipt > should get payment receipt with key parameter in inline mode
     → expected 401 to be 200 // Object.is equality
   ❯ functions/api/storage/handlers/__tests__/payment-receipt.test.ts > Payment Receipt Handlers > handleGetPaymentReceipt > should default to download mode when mode not specified
     → expected 401 to be 200 // Object.is equality
   ❯ functions/api/storage/handlers/__tests__/payment-receipt.test.ts > Payment Receipt Handlers > handleGetPaymentReceipt > should extract key from URL parameter
     → expected 401 to be 200 // Object.is equality
   ❯ functions/api/storage/handlers/__tests__/payment-receipt.test.ts > Payment Receipt Handlers > handleGetPaymentReceipt > should reject request without key or url parameter
     → expected 401 to be 400 // Object.is equality
   ❯ functions/api/storage/handlers/__tests__/payment-receipt.test.ts > Payment Receipt Handlers > handleGetPaymentReceipt > should return 404 when receipt not found
     → expected 401 to be 404 // Object.is equality
 ✓ src/features/courses/api/__tests__/batchProcessingResilience.property.test.ts  (4 tests) 792ms
 ✓ src/features/courses/api/__tests__/relevanceScoreBounds.property.test.ts  (9 tests) 1398ms
 ❯ functions/api/storage/handlers/__tests__/presigned.test.ts  (18 tests | 15 failed) 72ms
   ❯ functions/api/storage/handlers/__tests__/presigned.test.ts > Presigned URL Handlers > handlePresigned > should generate presigned URL with valid request
     → expected 401 to be 200 // Object.is equality
   ❯ functions/api/storage/handlers/__tests__/presigned.test.ts > Presigned URL Handlers > handlePresigned > should reject non-POST requests
     → expected 401 to be 405 // Object.is equality
   ❯ functions/api/storage/handlers/__tests__/presigned.test.ts > Presigned URL Handlers > handlePresigned > should reject request missing filename
     → expected 401 to be 400 // Object.is equality
   ❯ functions/api/storage/handlers/__tests__/presigned.test.ts > Presigned URL Handlers > handlePresigned > should reject request missing contentType
     → expected 401 to be 400 // Object.is equality
   ❯ functions/api/storage/handlers/__tests__/presigned.test.ts > Presigned URL Handlers > handlePresigned > should reject request missing courseId
     → expected 401 to be 400 // Object.is equality
   ❯ functions/api/storage/handlers/__tests__/presigned.test.ts > Presigned URL Handlers > handlePresigned > should reject request missing lessonId
     → expected 401 to be 400 // Object.is equality
   ❯ functions/api/storage/handlers/__tests__/presigned.test.ts > Presigned URL Handlers > handlePresigned > should handle file with multiple dots in filename
     → expected 401 to be 200 // Object.is equality
   ❯ functions/api/storage/handlers/__tests__/presigned.test.ts > Presigned URL Handlers > handlePresigned > should include optional fileSize in request
     → expected 401 to be 200 // Object.is equality
   ❯ functions/api/storage/handlers/__tests__/presigned.test.ts > Presigned URL Handlers > handleConfirm > should confirm upload and return public URL
     → expected 401 to be 200 // Object.is equality
   ❯ functions/api/storage/handlers/__tests__/presigned.test.ts > Presigned URL Handlers > handleConfirm > should reject non-POST requests
     → expected 401 to be 405 // Object.is equality
   ❯ functions/api/storage/handlers/__tests__/presigned.test.ts > Presigned URL Handlers > handleConfirm > should reject request missing fileKey
     → expected 401 to be 400 // Object.is equality
   ❯ functions/api/storage/handlers/__tests__/presigned.test.ts > Presigned URL Handlers > handleConfirm > should work with minimal data (only fileKey)
     → expected 401 to be 200 // Object.is equality
   ❯ functions/api/storage/handlers/__tests__/presigned.test.ts > Presigned URL Handlers > handleGetUrl > should return public URL for valid fileKey
     → expected 500 to be 200 // Object.is equality
   ❯ functions/api/storage/handlers/__tests__/presigned.test.ts > Presigned URL Handlers > handleGetUrl > should handle fileKey with special characters
     → expected 500 to be 200 // Object.is equality
   ❯ functions/api/storage/handlers/__tests__/presigned.test.ts > Presigned URL Handlers > handleGetFileUrl > should work identically to handleGetUrl
     → expected 500 to be 200 // Object.is equality
 ❯ src/__tests__/integration/addOnPurchaseFlow.test.js  (0 test)
stdout | functions/api/storage/handlers/__tests__/extract-content.test.ts > Extract Content Handler > handleExtractContent > should extract content from single resource by resourceId
[ExtractContent] Processing 1 resources
[ExtractContent] Fetching PDF from: https://example.com/test.pdf
[ExtractContent] Successfully processed: test.pdf (125 chars)
[ExtractContent] Completed: 1 resources processed

stdout | functions/api/storage/handlers/__tests__/extract-content.test.ts > Extract Content Handler > handleExtractContent > should extract content from multiple resources by resourceIds
[ExtractContent] Processing 2 resources
[ExtractContent] Fetching PDF from: https://example.com/doc1.pdf
[ExtractContent] Successfully processed: doc1.pdf (125 chars)
[ExtractContent] Fetching PDF from: https://example.com/doc2.pdf
[ExtractContent] Successfully processed: doc2.pdf (125 chars)
[ExtractContent] Completed: 2 resources processed

stdout | functions/api/storage/handlers/__tests__/extract-content.test.ts > Extract Content Handler > handleExtractContent > should extract content from all resources in a lesson
[ExtractContent] Processing 1 resources
[ExtractContent] Fetching PDF from: https://example.com/lesson-doc.pdf
[ExtractContent] Successfully processed: lesson-doc.pdf (137 chars)
[ExtractContent] Completed: 1 resources processed

stdout | functions/api/storage/handlers/__tests__/extract-content.test.ts > Extract Content Handler > handleExtractContent > should skip non-PDF/document resources
[ExtractContent] Processing 2 resources
[ExtractContent] Fetching PDF from: https://example.com/doc.pdf
[ExtractContent] Successfully processed: doc.pdf (123 chars)
[ExtractContent] Completed: 2 resources processed

stdout | functions/api/storage/handlers/__tests__/extract-content.test.ts > Extract Content Handler > handleExtractContent > should handle PDF download failures
[ExtractContent] Processing 1 resources
[ExtractContent] Fetching PDF from: https://example.com/test.pdf
[ExtractContent] Completed: 1 resources processed

stdout | functions/api/storage/handlers/__tests__/extract-content.test.ts > Extract Content Handler > handleExtractContent > should handle database update failures
[ExtractContent] Processing 1 resources
[ExtractContent] Fetching PDF from: https://example.com/test.pdf
[ExtractContent] Completed: 1 resources processed

 ✓ functions/api/storage/handlers/__tests__/extract-content.test.ts  (12 tests) 80ms
 ✓ src/__tests__/property/api-endpoint-parity.property.test.ts  (6 tests) 198ms
 ✓ functions/api/storage/utils/__tests__/r2-client.test.ts  (25 tests) 109ms
stdout | AuthClient.#log (file:/mnt/E230EB0F30EAEA0D/Rareminds/skill-echosystem/skillpassport/node_modules/@rareminds-eym/auth-client/src/core/client.ts:615:15)
[AuthClient] AuthClient initialized { baseURL: 'https://sso-api.rareminds.workers.dev' }

stdout | src/shared/model/__tests__/stores.test.ts > Store Imports > should import all stores without errors
🔑 Razorpay Config: {
  hasLiveKey: false,
  hasTestKey: true,
  testKeyPrefix: 'rzp_test_RNNqYd...',
  liveKeyPrefix: 'undefined...'
}
🔧 Razorpay: Using TEST key (dev/staging environment)

stdout | src/shared/model/__tests__/stores.test.ts > Store Imports > should import all stores without errors
<empty line>
stdout | src/shared/config/payment.js:18:9
🔑 Razorpay Config: {
  hasLiveKey: false,
  hasTestKey: true,
  testKeyPrefix: 'rzp_test_RNNqYd...',
  liveKeyPrefix: 'undefined...'
}

stdout | shouldUseLiveKey (/mnt/E230EB0F30EAEA0D/Rareminds/skill-echosystem/skillpassport/src/shared/config/payment.js:45:11)
🔧 Razorpay: Using TEST key (dev/staging environment)

 ✓ src/features/courses/api/__tests__/similaritySearchResultLimit.property.test.ts  (7 tests) 1302ms
 ✓ src/features/courses/api/__tests__/profileTextCompleteness.property.test.ts  (9 tests) 1290ms
 ✓ src/entities/organization/api/__tests__/integration/purchaseFlow.integration.test.ts  (14 tests) 14ms
 ❯ src/__tests__/property/file-based-routing.property.test.ts  (9 tests | 1 failed) 159ms
   ❯ src/__tests__/property/file-based-routing.property.test.ts > Property 13: File-Based Routing > should have routes for all 11 API services
     → expected 11 to be 12 // Object.is equality
 ❯ src/entities/learner/lib/__tests__/learnerType.test.ts  (21 tests | 4 failed) 41ms
   ❯ src/entities/learner/lib/__tests__/learnerType.test.ts > learnerType utilities > determinelearnerType > grade-based fallback > returns higher_secondary for grade 12
     → expected false to be true // Object.is equality
   ❯ src/entities/learner/lib/__tests__/learnerType.test.ts > learnerType utilities > determinelearnerType > grade-based fallback > returns school for highschool grades
     → expected false to be true // Object.is equality
   ❯ src/entities/learner/lib/__tests__/learnerType.test.ts > learnerType utilities > determinelearnerType > grade-based fallback > returns school for middle school grades
     → expected false to be true // Object.is equality
   ❯ src/entities/learner/lib/__tests__/learnerType.test.ts > learnerType utilities > getlearnerEducationLevel helper > returns correct education levels
     → expected null to be 'highschool' // Object.is equality
 ✓ src/features/courses/api/__tests__/questionMetadataCompleteness.property.test.ts  (11 tests) 245ms
 ❯ functions/api/storage/utils/__tests__/error-handling.test.ts  (15 tests | 1 failed) 46ms
   ❯ functions/api/storage/utils/__tests__/error-handling.test.ts > Error Handling Utilities > sanitizeErrorMessage > should redact potential API keys
     → expected 'Error with API key: sk_test_FAKE12345…' to contain '[REDACTED]'
 ❯ functions/api/storage/handlers/__tests__/list-files.test.ts  (12 tests | 10 failed) 53ms
   ❯ functions/api/storage/handlers/__tests__/list-files.test.ts > List Files Handler > handleListFiles > should list files for a course lesson
     → expected 401 to be 200 // Object.is equality
   ❯ functions/api/storage/handlers/__tests__/list-files.test.ts > List Files Handler > handleListFiles > should return empty array when no files found
     → expected 401 to be 200 // Object.is equality
   ❯ functions/api/storage/handlers/__tests__/list-files.test.ts > List Files Handler > handleListFiles > should handle different course and lesson IDs
     → expected 401 to be 200 // Object.is equality
   ❯ functions/api/storage/handlers/__tests__/list-files.test.ts > List Files Handler > handleListFiles > should parse file metadata correctly
     → expected 401 to be 200 // Object.is equality
   ❯ functions/api/storage/handlers/__tests__/list-files.test.ts > List Files Handler > handleListFiles > should reject request without courseId
     → expected 401 to be 400 // Object.is equality
   ❯ functions/api/storage/handlers/__tests__/list-files.test.ts > List Files Handler > handleListFiles > should reject request without lessonId
     → expected 401 to be 400 // Object.is equality
   ❯ functions/api/storage/handlers/__tests__/list-files.test.ts > List Files Handler > handleListFiles > should handle R2 list failures
     → expected 401 to be 500 // Object.is equality
   ❯ functions/api/storage/handlers/__tests__/list-files.test.ts > List Files Handler > handleListFiles > should handle R2 client errors
     → expected 401 to be 500 // Object.is equality
   ❯ functions/api/storage/handlers/__tests__/list-files.test.ts > List Files Handler > handleListFiles > should handle files with special characters in names
     → expected 401 to be 200 // Object.is equality
   ❯ functions/api/storage/handlers/__tests__/list-files.test.ts > List Files Handler > handleListFiles > should use R2Client getPublicUrl for each file
     → expected "spy" to be called 2 times, but got 0 times
 ❯ functions/api/storage/handlers/__tests__/document-access.test.ts  (13 tests | 11 failed) 75ms
   ❯ functions/api/storage/handlers/__tests__/document-access.test.ts > Document Access Handler > handleDocumentAccess > should proxy document with key parameter in inline mode
     → expected 500 to be 200 // Object.is equality
   ❯ functions/api/storage/handlers/__tests__/document-access.test.ts > Document Access Handler > handleDocumentAccess > should proxy document with key parameter in download mode
     → expected 500 to be 200 // Object.is equality
   ❯ functions/api/storage/handlers/__tests__/document-access.test.ts > Document Access Handler > handleDocumentAccess > should default to inline mode when mode not specified
     → expected 500 to be 200 // Object.is equality
   ❯ functions/api/storage/handlers/__tests__/document-access.test.ts > Document Access Handler > handleDocumentAccess > should extract key from R2 URL parameter
     → expected 500 to be 200 // Object.is equality
   ❯ functions/api/storage/handlers/__tests__/document-access.test.ts > Document Access Handler > handleDocumentAccess > should extract key from storage API URL
     → expected 500 to be 200 // Object.is equality
   ❯ functions/api/storage/handlers/__tests__/document-access.test.ts > Document Access Handler > handleDocumentAccess > should return 404 when file not found
     → expected 500 to be 404 // Object.is equality
   ❯ functions/api/storage/handlers/__tests__/document-access.test.ts > Document Access Handler > handleDocumentAccess > should handle files with special characters in filename
     → expected 500 to be 200 // Object.is equality
   ❯ functions/api/storage/handlers/__tests__/document-access.test.ts > Document Access Handler > handleDocumentAccess > should handle nested folder structures
     → expected 500 to be 200 // Object.is equality
   ❯ functions/api/storage/handlers/__tests__/document-access.test.ts > Document Access Handler > handleDocumentAccess > should handle files without extension
     → expected 500 to be 200 // Object.is equality
   ❯ functions/api/storage/handlers/__tests__/document-access.test.ts > Document Access Handler > handleDocumentAccess > should include ETag header for caching
     → expected 500 to be 200 // Object.is equality
   ❯ functions/api/storage/handlers/__tests__/document-access.test.ts > Document Access Handler > handleDocumentAccess > should set cache control header
     → expected 500 to be 200 // Object.is equality
 ✓ functions/api/storage/handlers/__tests__/certificate.test.ts  (12 tests) 61ms
stdout | .kiro/specs/missing-imports-fix/bug-condition-exploration.property.test.js > Bug Condition Exploration: Missing Import ReferenceErrors > should detect missing logger import in BrowseCourses.jsx

=== BrowseCourses.jsx Analysis ===
Uses logger: true
Has logger import: true
Has logger initialization: true

stdout | .kiro/specs/missing-imports-fix/bug-condition-exploration.property.test.js > Bug Condition Exploration: Missing Import ReferenceErrors > should detect missing useIsAuthenticated import in Assessments.tsx

=== Assessments.tsx Analysis ===
Uses useIsAuthenticated: true
Has useIsAuthenticated import: null

🔴 COUNTEREXAMPLE FOUND: useIsAuthenticated is used but not imported!
Line using useIsAuthenticated: 208
Expected error: ReferenceError: useIsAuthenticated is not defined
Current import from @/stores: Not found
===================================


stdout | .kiro/specs/missing-imports-fix/bug-condition-exploration.property.test.js > Bug Condition Exploration: Missing Import ReferenceErrors > Property 1: Bug Condition - Import Resolution

Property test for useIsAuthenticated in src/pages/educator/Assessments.tsx:
  Used: true, Imported: false, Initialized: true
  ❌ VIOLATION: useIsAuthenticated is used but not properly defined!

Property test for logger in src/pages/admin/schoolAdmin/BrowseCourses.jsx:
  Used: true, Imported: true, Initialized: true

 ❯ .kiro/specs/missing-imports-fix/bug-condition-exploration.property.test.js  (3 tests | 2 failed) 51ms
   ❯ .kiro/specs/missing-imports-fix/bug-condition-exploration.property.test.js > Bug Condition Exploration: Missing Import ReferenceErrors > should detect missing useIsAuthenticated import in Assessments.tsx
     → expected null to be true // Object.is equality
   ❯ .kiro/specs/missing-imports-fix/bug-condition-exploration.property.test.js > Bug Condition Exploration: Missing Import ReferenceErrors > Property 1: Bug Condition - Import Resolution
     → Property failed after 1 tests
{ seed: -1493839179, path: "0", endOnFailure: true }
Counterexample: [{"file":"src/pages/educator/Assessments.tsx","variable":"useIsAuthenticated","usagePattern":/useIsAuthenticated\(\)/,"importPattern":/import\s+{[^}]*useIsAuthenticated[^}]*}\s+from\s+['"]@\/stores['"]/,"initPattern":null}]
Shrunk 0 time(s)

Hint: Enable verbose mode in order to have the list of all failing values encountered during the run
 ❯ src/features/assessment/api/__tests__/assessmentIntegration.test.ts  (0 test)
 ✓ functions/api/storage/utils/__tests__/ownership.test.ts  (19 tests) 26ms
 ✓ src/features/courses/api/__tests__/roleLookupService.test.ts  (8 tests) 30ms
 ❯ src/features/assessment/ui/__tests__/courseCardDataCompleteness.property.test.tsx  (9 tests | 5 failed) 2240ms
   ❯ src/features/assessment/ui/__tests__/courseCardDataCompleteness.property.test.tsx > Property 8: Course Card Data Completeness > should display numeric match percentage for any valid course
     → Property failed after 1 tests
{ seed: -1669244130, path: "0:0:0:0:0:0:0:0:0:0:0:0:0:0:0:0:0:0:0:0:0:0:0:0:0:0:0:0:0", endOnFailure: true }
Counterexample: [{"course_id":"00000000-0000-1000-8000-000000000000","title":"!","code":"  ","description":"","duration":"!","category":" ","skills":["!"],"target_outcomes":[],"relevance_score":0,"match_reasons":[],"skill_gaps_addressed":[]}]
Shrunk 28 time(s)

Hint: Enable verbose mode in order to have the list of all failing values encountered during the run
   ❯ src/features/assessment/ui/__tests__/courseCardDataCompleteness.property.test.tsx > Property 8: Course Card Data Completeness > should contain all required data elements for any valid course
     → Property failed after 1 tests
{ seed: -139715683, path: "0:0:0:0:0:0:0:0:0:0:0:0:0:0:0:0:0:0:0:0:0:0:0:0:0:0:0:0:0:0:0:0:0:0:0", endOnFailure: true }
Counterexample: [{"course_id":"00000000-0000-1000-8000-000000000000","title":"!","code":"  ","description":"","duration":"!","category":" ","skills":["!"],"target_outcomes":[],"relevance_score":0,"match_reasons":[],"skill_gaps_addressed":[]}]
Shrunk 34 time(s)

Hint: Enable verbose mode in order to have the list of all failing values encountered during the run
   ❯ src/features/assessment/ui/__tests__/courseCardDataCompleteness.property.test.tsx > Property 8: Course Card Data Completeness > should handle edge case of 0% match percentage
     → expected 'Test Course4 weeksJavaScriptView Cour…' to contain '0%'
   ❯ src/features/assessment/ui/__tests__/courseCardDataCompleteness.property.test.tsx > Property 8: Course Card Data Completeness > should handle edge case of 100% match percentage
     → expected 'Perfect Match Course8 weeksReactTypeS…' to contain '100%'
   ❯ src/features/assessment/ui/__tests__/courseCardDataCompleteness.property.test.tsx > Property 8: Course Card Data Completeness > should render match percentage as an integer
     → Property failed after 1 tests
{ seed: -23158041, path: "0:0:0:0:0:0:0:0:0:0:0:0:0:0:0:0:0:0:0:0:0:0:0:0:0:0:0:0", endOnFailure: true }
Counterexample: [{"course_id":"00000000-0000-1000-8000-000000000000","title":"!","code":"  ","description":"","duration":"!","category":" ","skills":["!"],"target_outcomes":[],"relevance_score":0,"match_reasons":[],"skill_gaps_addressed":[]}]
Shrunk 27 time(s)

Hint: Enable verbose mode in order to have the list of all failing values encountered during the run
stdout | AuthClient.#log (file:/mnt/E230EB0F30EAEA0D/Rareminds/skill-echosystem/skillpassport/node_modules/@rareminds-eym/auth-client/src/core/client.ts:615:15)
[AuthClient] AuthClient initialized { baseURL: 'https://sso-api.rareminds.workers.dev' }

stdout | src/__tests__/property/import-export-mismatch.property.test.ts > Property 1: Bug Condition - Import/Export Mismatch Detection > should fail when ManageLearnersModal uses default import instead of named import

=== IMPORT/EXPORT MISMATCH DETECTED (Bug Condition Confirmed) ===
File: src/pages/educator/ClassesPage.tsx
Line: 25
Import: ManageLearnersModal from @/features/college-admin
Current syntax: named import
Expected syntax: named import
Build error: FIXED: Now using correct named import syntax
Reason: Using named import which matches the module export via export { default as ManageLearnersModal }
=== END MISMATCH ===


stdout | src/__tests__/property/import-export-mismatch.property.test.ts > Property 1: Bug Condition - Import/Export Mismatch Detection > should verify import syntax matches export type using property-based testing
Mismatch: default import with named export
Mismatch: default import with named export

stdout | src/__tests__/property/import-export-mismatch.property.test.ts > Property 1: Bug Condition - Import/Export Mismatch Detection > should detect that default import with named export causes build failure

Test case: ManageLearnersModal from @/features/college-admin
Import syntax: default
Export syntax: named
Will cause build error: true
Fixed import syntax: named
Will work after fix: true


 ❯ src/__tests__/property/import-export-mismatch.property.test.ts  (3 tests | 1 failed) 25ms
   ❯ src/__tests__/property/import-export-mismatch.property.test.ts > Property 1: Bug Condition - Import/Export Mismatch Detection > should verify import syntax matches export type using property-based testing
     → Property failed after 1 tests
{ seed: -1530448852, path: "0:1", endOnFailure: true }
Counterexample: [{"importSyntax":"default","exportSyntax":"named"}]
Shrunk 1 time(s)

Hint: Enable verbose mode in order to have the list of all failing values encountered during the run
stdout | AuthClient.#log (file:/mnt/E230EB0F30EAEA0D/Rareminds/skill-echosystem/skillpassport/node_modules/@rareminds-eym/auth-client/src/core/client.ts:615:15)
[AuthClient] AuthClient initialized { baseURL: 'https://sso-api.rareminds.workers.dev' }

stdout | AuthClient.#log (file:/mnt/E230EB0F30EAEA0D/Rareminds/skill-echosystem/skillpassport/node_modules/@rareminds-eym/auth-client/src/core/client.ts:615:15)
[AuthClient] AuthClient initialized { baseURL: 'https://sso-api.rareminds.workers.dev' }

 ✓ functions/api/storage/handlers/__tests__/upload.test.ts  (10 tests) 10ms
 ✓ src/__tests__/property/frontend-routing.property.test.ts  (6 tests) 11ms
 ✓ src/features/courses/api/__tests__/embeddingConsistency.property.test.ts  (5 tests) 1183ms
 ✓ src/features/courses/api/__tests__/courseEmbeddingManager.test.ts  (11 tests) 12ms
 ✓ functions/api/storage/handlers/__tests__/delete.test.ts  (14 tests) 15ms
 ✓ src/__tests__/property/cron-job-execution.property.test.ts  (5 tests) 9065ms
 ✓ src/features/courses/api/__tests__/embeddingPersistence.property.test.ts  (3 tests) 1012ms
 ❯ src/features/subscription/__tests__/ReceiptComponents.test.jsx  (0 test)
 ❯ src/features/assessment/lib/__tests__/employabilityCalculator.test.js  (0 test)
 ✓ src/features/opportunities/lib/__tests__/transformations.test.ts  (8 tests) 11ms
 ✓ src/features/analytics/lib/__tests__/chartTransformations.test.ts  (5 tests) 9ms
 ❯ src/__tests__/grade-levels.test.js  (0 test)
stdout | .kiro/specs/missing-imports-fix/preservation.property.test.js > Preservation Property Tests: Unchanged Component Functionality > should preserve all existing imports in BrowseCourses.jsx

=== BrowseCourses.jsx Import Preservation ===
React: ✓
useState: ✓
useEffect: ✓
useNavigate: ✓
useSearchParams: ✓
supabase: ✓
motion: ✓
CourseDetailModal: ✓
Card components: ✓
Icons (lucide-react): ✓
All essential imports preserved: ✓
=============================================


stdout | .kiro/specs/missing-imports-fix/preservation.property.test.js > Preservation Property Tests: Unchanged Component Functionality > should preserve component structure in BrowseCourses.jsx

=== BrowseCourses.jsx Structure Preservation ===
Component definition: ✓
useState for courses: ✓
useState for loading: ✓
useState for searchTerm: ✓
fetchCourses function: ✓
useEffect hook: ✓
filteredCourses memo: ✓
Component export: ✓
Component structure preserved: ✓
================================================


stdout | .kiro/specs/missing-imports-fix/preservation.property.test.js > Preservation Property Tests: Unchanged Component Functionality > should preserve non-buggy functionality in BrowseCourses.jsx

=== BrowseCourses.jsx Functionality Preservation ===
Search functionality: ✓
View mode toggle: ✓
Filter status: ✓
Sort functionality: ✓
Pagination: ✓
Course click handler: ✓
Start course handler: ✓
Modal state: ✓
Supabase query: ✓
Course filtering: ✓
Course sorting: ✓
Non-buggy functionality preserved: ✓
====================================================


stdout | .kiro/specs/missing-imports-fix/preservation.property.test.js > Preservation Property Tests: Unchanged Component Functionality > should preserve all existing imports in Assessments.tsx

=== Assessments.tsx Import Preservation ===
React: ✓
useState: ✓
useEffect: ✓
useMemo: ✓
Heroicons: ✓
GradingModal: ✗

stdout | .kiro/specs/missing-imports-fix/preservation.property.test.js > Preservation Property Tests: Unchanged Component Functionality > should preserve component structure in Assessments.tsx

=== Assessments.tsx Structure Preservation ===
Task interface: ✓
StatusBadge component: ✓
ProgressBar component: ✓
TaskCard component: ✓
Assessments component: ✓
useUser hook call: ✓
useEducatorSchool hook: ✓
useState for tasks: ✓
useState for loading: ✓
useState for error: ✓
useEffect hooks: ✓
useMemo for filtered tasks: ✓
Component export: ✓
Component structure preserved: ✓
===============================================


stdout | .kiro/specs/missing-imports-fix/preservation.property.test.js > Preservation Property Tests: Unchanged Component Functionality > should preserve non-buggy functionality in Assessments.tsx

=== Assessments.tsx Functionality Preservation ===
Task state management: ✓
Search functionality: ✓
Filter functionality: ✓
Modal management: ✓
Grading modal: ✓
Student selection: ✗

stdout | .kiro/specs/missing-imports-fix/preservation.property.test.js > Preservation Property Tests: Unchanged Component Functionality > Property 2: Preservation - Unchanged Functionality

Property test for src/pages/admin/schoolAdmin/BrowseCourses.jsx:
  ✓ All patterns preserved in src/pages/admin/schoolAdmin/BrowseCourses.jsx

Property test for src/pages/admin/schoolAdmin/BrowseCourses.jsx:
  ✓ All patterns preserved in src/pages/admin/schoolAdmin/BrowseCourses.jsx

Property test for src/pages/educator/Assessments.tsx:
  ✓ All patterns preserved in src/pages/educator/Assessments.tsx

Property test for src/pages/admin/schoolAdmin/BrowseCourses.jsx:
  ✓ All patterns preserved in src/pages/admin/schoolAdmin/BrowseCourses.jsx

Property test for src/pages/educator/Assessments.tsx:
  ✓ All patterns preserved in src/pages/educator/Assessments.tsx

Property test for src/pages/admin/schoolAdmin/BrowseCourses.jsx:
  ✓ All patterns preserved in src/pages/admin/schoolAdmin/BrowseCourses.jsx

Property test for src/pages/admin/schoolAdmin/BrowseCourses.jsx:
  ✓ All patterns preserved in src/pages/admin/schoolAdmin/BrowseCourses.jsx

Property test for src/pages/educator/Assessments.tsx:
  ✓ All patterns preserved in src/pages/educator/Assessments.tsx

Property test for src/pages/admin/schoolAdmin/BrowseCourses.jsx:
  ✓ All patterns preserved in src/pages/admin/schoolAdmin/BrowseCourses.jsx

Property test for src/pages/educator/Assessments.tsx:
  ✓ All patterns preserved in src/pages/educator/Assessments.tsx

stdout | .kiro/specs/missing-imports-fix/preservation.property.test.js > Preservation Property Tests: Unchanged Component Functionality > should verify other components with proper imports are unaffected

=== Educator BrowseCourses.jsx (Reference Implementation) ===
Has getLogger import: ✓
Has logger initialization: ✓
Uses logger: ✓
Reference implementation is correct: ✓
=============================================================


 ❯ .kiro/specs/missing-imports-fix/preservation.property.test.js  (8 tests | 2 failed) 62ms
   ❯ .kiro/specs/missing-imports-fix/preservation.property.test.js > Preservation Property Tests: Unchanged Component Functionality > should preserve all existing imports in Assessments.tsx
     → expected false to be true // Object.is equality
   ❯ .kiro/specs/missing-imports-fix/preservation.property.test.js > Preservation Property Tests: Unchanged Component Functionality > should preserve non-buggy functionality in Assessments.tsx
     → expected false to be true // Object.is equality
stdout | src/__tests__/services/careerAssessmentAIService.test.js > validateQuestion > valid questions > should validate a properly formatted knowledge question
🔧 Auto-fixed question unknown: [ 'Normalized question text field' ]

stdout | src/__tests__/services/careerAssessmentAIService.test.js > validateQuestion > invalid questions - missing subtype > should auto-fix aptitude question with missing subtype
🔧 Auto-fixed question unknown: [ 'Assigned default category "verbal" (no category info found)' ]

 ✓ src/__tests__/services/careerAssessmentAIService.test.js  (45 tests) 44ms
 ✓ src/features/courses/api/__tests__/roleResponsibilitiesActionFormat.property.test.ts  (8 tests) 126ms
 ✓ src/features/courses/api/__tests__/roleResponsibilitiesCount.property.test.ts  (7 tests) 146ms
 ✓ src/features/courses/api/__tests__/rateLimitRetry.property.test.ts  (5 tests) 2794ms
 ✓ src/features/assessment/ui/__tests__/PrintView.salary.test.jsx  (9 tests) 137ms
 ✓ src/shared/lib/__tests__/salaryFormatter.test.js  (14 tests) 135ms
 ✓ src/features/assessment/ui/__tests__/PrintView.routing.test.jsx  (13 tests) 5ms
 ✓ src/features/assessment/ui/sections/__tests__/CareerSection.test.jsx  (10 tests) 46ms
stdout | AuthClient.#log (file:/mnt/E230EB0F30EAEA0D/Rareminds/skill-echosystem/skillpassport/node_modules/@rareminds-eym/auth-client/src/core/client.ts:615:15)
[AuthClient] AuthClient initialized { baseURL: 'https://sso-api.rareminds.workers.dev' }

stdout | src/shared/model/__tests__/stores.test.ts > Store Imports > should import all stores without errors
[2026-05-20T11:38:57.924Z] [INFO] [supabase-utils] ✅ Logger is working! This is from supabase-utils {}

stdout | Logger.output (/mnt/E230EB0F30EAEA0D/Rareminds/skill-echosystem/skillpassport/src/shared/config/logging.ts:123:17)
[2026-05-20T11:38:57.924Z] [INFO] [supabase-utils] ✅ Logger is working! This is from supabase-utils {}

stdout | src/shared/config/payment.js:18:9
🔑 Razorpay Config: {
  hasLiveKey: false,
  hasTestKey: true,
  testKeyPrefix: 'rzp_test_RNNqYd...',
  liveKeyPrefix: 'undefined...'
}

stdout | shouldUseLiveKey (/mnt/E230EB0F30EAEA0D/Rareminds/skill-echosystem/skillpassport/src/shared/config/payment.js:45:11)
🔧 Razorpay: Using TEST key (dev/staging environment)

stdout | Logger.output (/mnt/E230EB0F30EAEA0D/Rareminds/skill-echosystem/skillpassport/src/shared/config/logging.ts:123:17)
[2026-05-20T11:38:59.881Z] [INFO] [supabase-utils] ✅ Logger is working! This is from supabase-utils {}

 ❯ src/features/subscription/__tests__/subscription-validation.test.ts  (39 tests | 24 failed) 35ms
   ❯ src/features/subscription/__tests__/subscription-validation.test.ts > Subscription Feature Validation > 25.1 Test subscription plan selection > should export SubscriptionPlans component
     → expected 'object' to be 'function' // Object.is equality
   ❯ src/features/subscription/__tests__/subscription-validation.test.ts > Subscription Feature Validation > 25.1 Test subscription plan selection > should export subscriptionService with plan methods
     → expected undefined not to be undefined
   ❯ src/features/subscription/__tests__/subscription-validation.test.ts > Subscription Feature Validation > 25.2 Test payment processing > should export razorpayService with payment methods
     → expected undefined not to be undefined
   ❯ src/features/subscription/__tests__/subscription-validation.test.ts > Subscription Feature Validation > 25.2 Test payment processing > should export payment verification service
     → expected undefined not to be undefined
   ❯ src/features/subscription/__tests__/subscription-validation.test.ts > Subscription Feature Validation > 25.3 Test payment verification > should export payment verification methods
     → Cannot read properties of undefined (reading 'verifyPayment')
   ❯ src/features/subscription/__tests__/subscription-validation.test.ts > Subscription Feature Validation > 25.3 Test payment verification > should export subscription update methods
     → Cannot read properties of undefined (reading 'updateSubscription')
   ❯ src/features/subscription/__tests__/subscription-validation.test.ts > Subscription Feature Validation > 25.4 Test subscription dashboard > should export subscription service methods
     → Cannot read properties of undefined (reading 'getSubscription')
   ❯ src/features/subscription/__tests__/subscription-validation.test.ts > Subscription Feature Validation > 25.5 Test add-on marketplace > should export add-on service methods
     → Cannot read properties of undefined (reading 'getAddOns')
   ❯ src/features/subscription/__tests__/subscription-validation.test.ts > Subscription Feature Validation > 25.6 Test organization subscription > should export OrganizationSubscriptionDashboard component
     → expected 'object' to be 'function' // Object.is equality
   ❯ src/features/subscription/__tests__/subscription-validation.test.ts > Subscription Feature Validation > 25.6 Test organization subscription > should export organizationService
     → expected undefined not to be undefined
   ❯ src/features/subscription/__tests__/subscription-validation.test.ts > Subscription Feature Validation > 25.7 Test license pool management > should export LicensePoolManager component
     → expected 'object' to be 'function' // Object.is equality
   ❯ src/features/subscription/__tests__/subscription-validation.test.ts > Subscription Feature Validation > 25.7 Test license pool management > should export licensePoolService with CRUD methods
     → expected undefined not to be undefined
   ❯ src/features/subscription/__tests__/subscription-validation.test.ts > Subscription Feature Validation > 25.8 Test bulk purchase > should export BulkPurchaseWizard component
     → expected 'object' to be 'function' // Object.is equality
   ❯ src/features/subscription/__tests__/subscription-validation.test.ts > Subscription Feature Validation > 25.8 Test bulk purchase > should export bulk purchase methods
     → Cannot read properties of undefined (reading 'createBulkPurchase')
   ❯ src/features/subscription/__tests__/subscription-validation.test.ts > Subscription Feature Validation > 25.9 Test invitation system > should export InvitationManager component
     → expected 'object' to be 'function' // Object.is equality
   ❯ src/features/subscription/__tests__/subscription-validation.test.ts > Subscription Feature Validation > 25.9 Test invitation system > should export invitation service methods
     → Cannot read properties of undefined (reading 'sendInvitation')
   ❯ src/features/subscription/__tests__/subscription-validation.test.ts > Subscription Feature Validation > 25.10 Test feature gating > should export feature gating utility functions
     → expected undefined not to be undefined
   ❯ src/features/subscription/__tests__/subscription-validation.test.ts > Subscription Feature Validation > 25.11 Test receipt generation > should export generatePDFReceipt function
     → expected undefined not to be undefined
   ❯ src/features/subscription/__tests__/subscription-validation.test.ts > Subscription Feature Validation > 25.12 Test billing dashboard > should export BillingDashboard component
     → expected 'object' to be 'function' // Object.is equality
   ❯ src/features/subscription/__tests__/subscription-validation.test.ts > Subscription Feature Validation > 25.12 Test billing dashboard > should export billing service methods
     → Cannot read properties of undefined (reading 'getBillingHistory')
   ❯ src/features/subscription/__tests__/subscription-validation.test.ts > Subscription Feature Validation > Integration: Public API exports > should export all subscription services
     → expected undefined not to be undefined
   ❯ src/features/subscription/__tests__/subscription-validation.test.ts > Subscription Feature Validation > Integration: Public API exports > should export utility functions
     → expected undefined not to be undefined
   ❯ src/features/subscription/__tests__/subscription-validation.test.ts > Subscription Feature Validation > Migration: Import path validation > should allow importing from @/features/subscription
     → expected undefined not to be undefined
   ❯ src/features/subscription/__tests__/subscription-validation.test.ts > Subscription Feature Validation > Migration: Import path validation > should allow importing from feature submodules
     → expected undefined not to be undefined
stdout | src/shared/model/__tests__/stores.test.ts > Store Utilities > should reset all stores
[AuthClient] logout: starting

stdout | src/shared/model/__tests__/stores.test.ts > Store Utilities > should reset all stores
[AuthClient] logout: server call failed, clearing local state anyway
[AuthClient] logout: complete

 ✓ src/shared/model/__tests__/stores.test.ts  (27 tests) 19347ms
stdout | AuthClient.#log (file:/mnt/E230EB0F30EAEA0D/Rareminds/skill-echosystem/skillpassport/node_modules/@rareminds-eym/auth-client/src/core/client.ts:615:15)
[AuthClient] cross-tab: LOGOUT received

 ✓ src/__tests__/services/geminiAssessmentService.test.js  (4 tests) 4ms

 Test Files  26 failed | 57 passed (83)
      Tests  121 failed | 906 passed (1048)
   Start at  17:08:36
   Duration  27.56s (transform 20.09s, setup 17.81s, collect 49.20s, tests 49.44s, environment 125.49s, prepare 27.15s)

